// Jest Snapshot v1, https://goo.gl/fbAQLP

exports[`reviews section matches snapshot 1`] = `
<div>
  <section
    data-testid="content"
    tracking="Ratings and Reviews"
  >
    <h2
      id="ratingsreviews"
      style="margin-bottom: 50px; margin-top: 100px; margin-left: 3%;"
    >
      Ratings and Reviews
    </h2>
    <section
      class="RatingsandReviews__RatingsAndReviewsContainer-sc-17lej04-0 ijbsWd"
    >
      <div
        class="RatingsandReviews__RatingsContainer-sc-17lej04-1 goVBSm"
      >
        <div>
          <span
            style="font-size: 300%;"
          >
            3.9
          </span>
          <div
            class="Stars__StarsOuter-sc-7428jg-0 eNEVLX"
            style="font-size: 95%; vertical-align: top; margin-left: 10px;"
          >
            <div
              class="Stars__StarsInner-sc-7428jg-1 ipzXih"
            />
          </div>
          <p>
            87
            % of reviews recomend this product
          </p>
          <div />
           
          <span
            class="ratingBar"
          >
            <span>
              5 stars 
            </span>
            <meter
              max="100"
              min="0"
              value="47.82608695652174"
            />
             
            <span
              style="font-size: 80%;"
            >
              (
              11
              )
            </span>
          </span>
          <br />
          <div />
          <span
            class="ratingBar"
          >
            <span>
              4 stars 
            </span>
            <meter
              max="100"
              min="0"
              value="21.73913043478261"
            />
             
            <span
              style="font-size: 80%;"
            >
              (
              5
              )
            </span>
          </span>
          <br />
          <div />
          <span
            class="ratingBar"
          >
            <span>
              3 stars 
            </span>
            <meter
              max="100"
              min="0"
              value="17.391304347826086"
            />
             
            <span
              style="font-size: 80%;"
            >
              (
              4
              )
            </span>
          </span>
          <br />
          <div />
          <span
            class="ratingBar"
          >
            <span>
              2 stars 
            </span>
            <meter
              max="100"
              min="0"
              value="0"
            />
             
            <span
              style="font-size: 80%;"
            >
              (
              0
              )
            </span>
          </span>
          <br />
          <div />
          <span
            class="ratingBar"
          >
            <span>
              1 stars 
            </span>
            <meter
              max="100"
              min="0"
              value="13.043478260869565"
            />
             
            <span
              style="font-size: 80%;"
            >
              (
              3
              )
            </span>
            <br />
          </span>
          <br />
          <div>
            <div
              style="margin-bottom: 50px; width: 250px; border-radius: 4px;"
            >
              <div>
                Fit
              </div>
              <i
                class="lni lni-diamond"
                style="margin-left: 147.91666666666669px;"
              />
              <div
                style="background: rgb(238, 238, 238); width: 250px; height: 7px;"
              />
              <span
                style="font-size: 90%; margin-top: 5px;"
              >
                Runs tight
              </span>
              <span
                style="float: right; font-size: 90%; margin-top: 5px;"
              >
                Runs long
              </span>
            </div>
          </div>
        </div>
      </div>
      <div>
        <div
          style="min-width: 300px; height: 30px; width: 40%; border: 2px solid black; margin: 20px 20px 20px 0px;"
        >
           
          <i
            class="lni lni-32 lni-search-alt"
            style="font-size: 95%; margin: 3px;"
          />
          <input
            placeholder="Search Reviews"
            style="height: 27px; width: 90%; outline: none; color: black;"
            type="text"
          />
        </div>
        <div
          class="reviews"
        >
          <span>
            1
             reviews, sorted by 
          </span>
          <select
            class="dropDown"
          >
             
            <option>
              Relevant
            </option>
            <option>
              Helpful
            </option>
            <option>
              Newest
            </option>
          </select>
           
          <br />
          <section
            style="max-height: 780px; overflow-y: auto;"
          >
            <div
              class="RatingsandReviews__SingleReview-sc-17lej04-2 ddUuHr"
            >
              <div
                class="Stars__StarsOuter-sc-7428jg-0 eNEVLX"
              >
                <div
                  class="Stars__StarsInner-sc-7428jg-1 fVhJIw"
                />
              </div>
              <span
                style="float: right;"
              >
                SmilingSean
                ,   
                March 7, 2021
              </span>
              <h3>
                Makes me smile
              </h3>
              <p>
                This product is great because it puts a little smile on my face!
              </p>
              <div>
                <img
                  src="https://i.ibb.co/5xbC4Xk/happy-Monkey.jpg"
                  style="width: 65px;"
                />
              </div>
              <p
                style="font-size: 90%;"
              >
                 âœ“ I recomend this product
              </p>
              <div />
              <div
                style="font-size: 90%;"
              >
                <span>
                  Was this review helpful? 
                </span>
                <a
                  style="margin: 10px;"
                >
                  Yes(
                  42
                  )
                </a>
                <span
                  style="margin-left: 10px; margin-right: 15px;"
                >
                  |
                </span>
                <a>
                  Report
                  <i
                    class="lni lni-flag-alt"
                  />
                   
                </a>
              </div>
            </div>
          </section>
          <div />
          <button
            style="font-size: 105%; border-radius: 1px; padding: 15px; margin: 10px; font-family: Josefin Sans; font-weight: bold; color: black; border: 3px solid; border-color: #002a60;"
          >
            Add A Review
          </button>
        </div>
      </div>
    </section>
  </section>
</div>
`;
